---
source: swiftide-docker-executor/src/dockerfile_mangler.rs
expression: result.content
---
from alpine
COPY --from=bosunai/swiftide-docker-service:[CARGO_PKG_VERSION] /usr/bin/swiftide-docker-service /usr/bin/swiftide-docker-service
COPY --from=bosunai/swiftide-docker-service:[CARGO_PKG_VERSION] /usr/bin/rg /usr/bin/rg
COPY --from=bosunai/swiftide-docker-service:[CARGO_PKG_VERSION] /usr/bin/fd /usr/bin/fd
RUN apk add --no-cache gcompat libgcc pcre2 ripgrep fd
